// Jest Snapshot v1, https://goo.gl/fbAQLP

exports[`Pruebas en GifItem Debe de coincidir con el snapshot 1`] = `
<div>
  <div
    class="card"
  >
    <img
      alt="One Punch Man GIF"
      src="https://media0.giphy.com/media/VXJWhaO7afRe/giphy.gif?cid=bad64f40fd2kor2gyc5be3eorxku8felbuhvhg8bqd6kqoe4&amp;rid=giphy.gif&amp;ct=g"
    />
    <p>
      One Punch Man GIF
    </p>
  </div>
</div>
`;
